                     .-*'/
                  .-'_  (
                 . .' :  .
                /  `   _ :
           _.-*'   ._ '* ;
        .-'          `-.-'
      .'       '       ;
     /        .       .:
    .   `-.   :   .  / .
    :      `  ;  ;.+'   '
  .-;       ;    |  `-.  [38;2;126;186;228m\_\_\/[0m
 ; *'._     :-':  :    [38;2;126;186;228m'.__/  \/_[0m
`*'  `+ -'*. ; `*.  \     [38;2;126;186;228m/\__/_[0m
         `*-*'  *-*'       [38;2;126;186;228m/\ \[0m
